src/components/document-detail/hooks/useDocumentActions.ts(52,11): error TS2322: Type 'GraphRouteInput | null' is not assignable to type '{ nodes: Record<string, unknown>[]; edges: { source: string; id: string; target: string; label?: string | undefined; condition?: string | undefined; }[]; kind?: "graph" | undefined; schema_version?: number | undefined; } | null | undefined'.
  Type 'GraphRouteInput' is not assignable to type '{ nodes: Record<string, unknown>[]; edges: { source: string; id: string; target: string; label?: string | undefined; condition?: string | undefined; }[]; kind?: "graph" | undefined; schema_version?: number | undefined; }'.
    Types of property 'kind' are incompatible.
      Type 'string | undefined' is not assignable to type '"graph" | undefined'.
        Type 'string' is not assignable to type '"graph"'.
src/components/document-new/hooks/useDocumentCreation.ts(193,15): error TS2322: Type 'GraphRouteInput | undefined' is not assignable to type '{ nodes: Record<string, unknown>[]; edges: { source: string; id: string; target: string; label?: string | undefined; condition?: string | undefined; }[]; kind?: "graph" | undefined; schema_version?: number | undefined; } | null | undefined'.
  Type 'GraphRouteInput' is not assignable to type '{ nodes: Record<string, unknown>[]; edges: { source: string; id: string; target: string; label?: string | undefined; condition?: string | undefined; }[]; kind?: "graph" | undefined; schema_version?: number | undefined; }'.
    Types of property 'kind' are incompatible.
      Type 'string | undefined' is not assignable to type '"graph" | undefined'.
        Type 'string' is not assignable to type '"graph"'.
src/components/kb/KbArticleEditor.tsx(58,22): error TS2352: Conversion of type '{ access_level_id: string | null; author_id: string | null; body_kk: string; body_ru: string; category_id: string | null; created_at: string; id: string; organization_id: string | null; ... 11 more ...; documents: { ...; } | null; }' to type 'ArticleForm & { id: string; tags: string[]; }' may be a mistake because neither type sufficiently overlaps with the other. If this was intentional, convert the expression to 'unknown' first.
  Type '{ access_level_id: string | null; author_id: string | null; body_kk: string; body_ru: string; category_id: string | null; created_at: string; id: string; organization_id: string | null; ... 11 more ...; documents: { ...; } | null; }' is not comparable to type 'ArticleForm'.
    Types of property 'tags' are incompatible.
      Type 'string[]' is not comparable to type 'string'.
src/components/kb/KbPublishCard.tsx(26,21): error TS2769: No overload matches this call.
  Overload 1 of 2, '(predicate: (value: { id: string; slug: string; category_id: string | null; source_document_id: string | null; title_ru: string; title_kk: string; summary_ru: string; summary_kk: string; tags: string[]; status: string; published_at: string | null; author_id: string | null; kb_categories: { ...; } | null; }, index: number, array: { ...; }[]) => value is { ...; }, thisArg?: any): { ...; }[]', gave the following error.
    Argument of type '(a: { source_document_id?: string; }) => boolean' is not assignable to parameter of type '(value: { id: string; slug: string; category_id: string | null; source_document_id: string | null; title_ru: string; title_kk: string; summary_ru: string; summary_kk: string; tags: string[]; status: string; published_at: string | null; author_id: string | null; kb_categories: { ...; } | null; }, index: number, array...'.
      Types of parameters 'a' and 'value' are incompatible.
        Type '{ id: string; slug: string; category_id: string | null; source_document_id: string | null; title_ru: string; title_kk: string; summary_ru: string; summary_kk: string; tags: string[]; status: string; published_at: string | null; author_id: string | null; kb_categories: { ...; } | null; }' is not assignable to type '{ source_document_id?: string | undefined; }'.
          Types of property 'source_document_id' are incompatible.
            Type 'string | null' is not assignable to type 'string | undefined'.
              Type 'null' is not assignable to type 'string | undefined'.
  Overload 2 of 2, '(predicate: (value: { id: string; slug: string; category_id: string | null; source_document_id: string | null; title_ru: string; title_kk: string; summary_ru: string; summary_kk: string; tags: string[]; status: string; published_at: string | null; author_id: string | null; kb_categories: { ...; } | null; }, index: number, array: { ...; }[]) => unknown, thisArg?: any): { ...; }[]', gave the following error.
    Argument of type '(a: { source_document_id?: string; }) => boolean' is not assignable to parameter of type '(value: { id: string; slug: string; category_id: string | null; source_document_id: string | null; title_ru: string; title_kk: string; summary_ru: string; summary_kk: string; tags: string[]; status: string; published_at: string | null; author_id: string | null; kb_categories: { ...; } | null; }, index: number, array...'.
      Types of parameters 'a' and 'value' are incompatible.
        Type '{ id: string; slug: string; category_id: string | null; source_document_id: string | null; title_ru: string; title_kk: string; summary_ru: string; summary_kk: string; tags: string[]; status: string; published_at: string | null; author_id: string | null; kb_categories: { ...; } | null; }' is not assignable to type '{ source_document_id?: string | undefined; }'.
          Types of property 'source_document_id' are incompatible.
            Type 'string | null' is not assignable to type 'string | undefined'.
              Type 'null' is not assignable to type 'string | undefined'.
src/components/profile/components/NotificationChannelsCard.tsx(88,21): error TS2352: Conversion of type '{ email_document_returned: boolean; email_enabled: boolean; email_hr_events: boolean; email_task_assigned: boolean; email_workflow_events: boolean; telegram_chat_id?: string | null | undefined; ... 8 more ...; user_id?: string | undefined; }' to type 'Record<string, boolean | undefined>' may be a mistake because neither type sufficiently overlaps with the other. If this was intentional, convert the expression to 'unknown' first.
  Property 'telegram_chat_id' is incompatible with index signature.
    Type 'string | null' is not comparable to type 'boolean | undefined'.
      Type 'string' is not comparable to type 'boolean | undefined'.
src/components/profile/components/ProfileSecurityOverview.tsx(25,7): error TS2322: Type 'boolean | undefined' is not assignable to type 'boolean'.
  Type 'undefined' is not assignable to type 'boolean'.
src/lib/api/references.functions.ts(46,12): error TS2345: Argument of type '({ data, context }: ServerFnCtx<Register, "POST", readonly [FunctionMiddlewareAfterServer<{}, unknown, undefined, { supabase: SupabaseClient<Database, "public", "public", { Tables: { api_keys: { Row: { created_at: string; created_by: string; expires_at: string | null; ... 8 more ...; updated_at: string; }; Insert: {...' is not assignable to parameter of type 'ServerFn<Register, "POST", readonly [FunctionMiddlewareAfterServer<{}, unknown, undefined, { supabase: SupabaseClient<Database, "public", "public", { Tables: { api_keys: { Row: { created_at: string; created_by: string; expires_at: string | null; ... 8 more ...; updated_at: string; }; Insert: { ...; }; Update: { ...;...'.
  Type 'Promise<ReferenceCatalogRow[]>' is not assignable to type 'Promise<ValidateSerializableMapped<ReferenceCatalogRow, RegisteredSerializableInput<Register>>[]>'.
    Type 'ReferenceCatalogRow[]' is not assignable to type 'ValidateSerializableMapped<ReferenceCatalogRow, RegisteredSerializableInput<Register>>[]'.
      Type 'ReferenceCatalogRow' is not assignable to type 'ValidateSerializableMapped<ReferenceCatalogRow, RegisteredSerializableInput<Register>>'.
        'string' index signatures are incompatible.
          Type 'unknown' is not assignable to type 'SerializationError<"Type may not be serializable">'.
src/lib/api/storage.functions.ts(107,12): error TS2345: Argument of type '({ data, context }: ServerFnCtx<Register, "POST", readonly [FunctionMiddlewareAfterServer<{}, unknown, undefined, { supabase: SupabaseClient<Database, "public", "public", { Tables: { api_keys: { Row: { created_at: string; created_by: string; expires_at: string | null; ... 8 more ...; updated_at: string; }; Insert: {...' is not assignable to parameter of type 'ServerFn<Register, "POST", readonly [FunctionMiddlewareAfterServer<{}, unknown, undefined, { supabase: SupabaseClient<Database, "public", "public", { Tables: { api_keys: { Row: { created_at: string; created_by: string; expires_at: string | null; ... 8 more ...; updated_at: string; }; Insert: { ...; }; Update: { ...;...'.
  Type 'Promise<Record<string, unknown>>' is not assignable to type 'Promise<ValidateSerializableMapped<Record<string, unknown>, RegisteredSerializableInput<Register>>>'.
    Type 'Record<string, unknown>' is not assignable to type 'ValidateSerializableMapped<Record<string, unknown>, RegisteredSerializableInput<Register>>'.
      'string' index signatures are incompatible.
        Type 'unknown' is not assignable to type 'SerializationError<"Type may not be serializable">'.
src/lib/eds/verify-cms.ts(36,46): error TS2339: Property 'name' does not exist on type 'CertificateField'.
src/lib/eds/verify-cms.ts(56,10): error TS18047: 'parsed' is possibly 'null'.
src/lib/eds/verify-cms.ts(57,10): error TS18047: 'parsed' is possibly 'null'.
src/lib/eds/verify-cms.ts(58,9): error TS18047: 'parsed' is possibly 'null'.
src/lib/eds/verify-cms.ts(108,30): error TS2339: Property 'verify' does not exist on type 'PkcsSignedData'.
src/lib/ncalayer.ts(581,46): error TS2339: Property 'name' does not exist on type 'CertificateField'.
src/lib/workflow/route-builder.ts(177,15): error TS2339: Property 'kind' does not exist on type 'WorkflowDefinition'.
src/routes/_authenticated/contracts/$documentId.tsx(63,56): error TS2322: Type '{ document_id: string; contract_number: string; contract_date: string | null; valid_from: string | null; valid_to: string | null; amount: number | null; currency: string; contract_status: string; ... 8 more ...; ref_correspondents: { ...; } | null; } | null | undefined' is not assignable to type 'ContractRow | null'.
  Type 'undefined' is not assignable to type 'ContractRow | null'.
src/routes/_authenticated/contracts/index.tsx(97,21): error TS2345: Argument of type '(c: { document_id: string; contract_number: string; contract_status: string; valid_from: string | null; valid_to: string | null; amount: number | null; currency: string; documents?: { id: string; reg_number: string; title_ru: string; title_kk: string; } | null; ref_correspondents?: { name_ru: string; name_kk: string...' is not assignable to parameter of type '(value: { document_id: string; contract_number: string; contract_date: string | null; valid_from: string | null; valid_to: string | null; amount: number | null; currency: string; contract_status: string; ... 8 more ...; ref_correspondents: { ...; } | null; }, index: number, array: { ...; }[]) => Element'.
  Types of parameters 'c' and 'value' are incompatible.
    Type '{ document_id: string; contract_number: string; contract_date: string | null; valid_from: string | null; valid_to: string | null; amount: number | null; currency: string; contract_status: string; ... 8 more ...; ref_correspondents: { ...; } | null; }' is not assignable to type '{ document_id: string; contract_number: string; contract_status: string; valid_from: string | null; valid_to: string | null; amount: number | null; currency: string; documents?: { id: string; reg_number: string; title_ru: string; title_kk: string; } | null | undefined; ref_correspondents?: { ...; } | ... 1 more ... ...'.
      The types of 'documents.title_kk' are incompatible between these types.
        Type 'string | null' is not assignable to type 'string'.
          Type 'null' is not assignable to type 'string'.
src/routes/_authenticated/counterparties/$id.tsx(29,21): error TS2352: Conversion of type '{ document_id: string; contract_number: string; contract_status: string; valid_from: string | null; valid_to: string | null; amount: number | null; currency: string; documents: { id: string; reg_number: string; title_ru: string; status: "signed" | ... 7 more ... | "returned_for_revision"; }; }[]' to type '{ document_id: string; contract_number: string; contract_status: string; valid_to: string | null; amount: number | null; currency: string; documents?: { reg_number: string; title_ru: string; title_kk: string; } | undefined; }[]' may be a mistake because neither type sufficiently overlaps with the other. If this was intentional, convert the expression to 'unknown' first.
  Type '{ document_id: string; contract_number: string; contract_status: string; valid_from: string | null; valid_to: string | null; amount: number | null; currency: string; documents: { id: string; reg_number: string; title_ru: string; status: "signed" | ... 7 more ... | "returned_for_revision"; }; }' is not comparable to type '{ document_id: string; contract_number: string; contract_status: string; valid_to: string | null; amount: number | null; currency: string; documents?: { reg_number: string; title_ru: string; title_kk: string; } | undefined; }'.
    Types of property 'documents' are incompatible.
      Property 'title_kk' is missing in type '{ id: string; reg_number: string; title_ru: string; status: "signed" | "rejected" | "draft" | "in_review" | "approved" | "archived" | "cancelled" | "submitted" | "returned_for_revision"; }' but required in type '{ reg_number: string; title_ru: string; title_kk: string; }'.
src/routes/_authenticated/counterparties/index.tsx(71,21): error TS2322: Type '"/references/correspondents"' is not assignable to type '"/" | "/auth" | "/api/health" | "/api/v1/tasks" | "/api/v1/documents" | "/api/v1/contracts" | "/api/v1/license/revoke" | "/api/v1/license/register-key" | "/api/v1/license/heartbeat" | ... 70 more ... | ".."'.
src/routes/_authenticated/documents/$id.tsx(139,25): error TS7006: Parameter 'v' implicitly has an 'any' type.
src/routes/_authenticated/documents/$id.tsx(141,49): error TS7006: Parameter 'r' implicitly has an 'any' type.
src/routes/_authenticated/documents/$id.tsx(314,17): error TS2322: Type 'UseMutateAsyncFunction<{ ok: true; }, Error, string, unknown>' is not assignable to type '(content: string) => Promise<void>'.
  Type 'Promise<{ ok: true; }>' is not assignable to type 'Promise<void>'.
    Type '{ ok: true; }' is not assignable to type 'void'.
src/routes/_authenticated/documents/$id.tsx(330,21): error TS2322: Type 'UseMutateAsyncFunction<{ ok: true; }, Error, string, unknown>' is not assignable to type '(content: string) => Promise<void>'.
  Type 'Promise<{ ok: true; }>' is not assignable to type 'Promise<void>'.
    Type '{ ok: true; }' is not assignable to type 'void'.
src/routes/_authenticated/documents/$id.tsx(352,39): error TS7006: Parameter 'c' implicitly has an 'any' type.
src/routes/_authenticated/documents/index.tsx(182,28): error TS2345: Argument of type '(u: { id: string; full_name_ru: string; full_name_kk: string; }) => JSX.Element' is not assignable to parameter of type '(value: { id: string; full_name_ru: string | null; full_name_kk: string | null; email: string; department_id: string | null; position_id: string | null; }, index: number, array: { id: string; ... 4 more ...; position_id: string | null; }[]) => Element'.
  Types of parameters 'u' and 'value' are incompatible.
    Type '{ id: string; full_name_ru: string | null; full_name_kk: string | null; email: string; department_id: string | null; position_id: string | null; }' is not assignable to type '{ id: string; full_name_ru: string; full_name_kk: string; }'.
      Types of property 'full_name_ru' are incompatible.
        Type 'string | null' is not assignable to type 'string'.
          Type 'null' is not assignable to type 'string'.
src/routes/_authenticated/documents/new.tsx(250,15): error TS2322: Type 'ReferenceBriefRow[]' is not assignable to type 'ReferenceBrief[]'.
  Type 'ReferenceBriefRow' is not assignable to type 'ReferenceBrief'.
    Types of property 'bin' are incompatible.
      Type 'string | null | undefined' is not assignable to type 'string | undefined'.
        Type 'null' is not assignable to type 'string | undefined'.
src/routes/_authenticated/documents/new.tsx(251,15): error TS2322: Type 'ReferenceBriefRow[]' is not assignable to type 'ReferenceBrief[]'.
  Type 'ReferenceBriefRow' is not assignable to type 'ReferenceBrief'.
    Types of property 'bin' are incompatible.
      Type 'string | null | undefined' is not assignable to type 'string | undefined'.
        Type 'null' is not assignable to type 'string | undefined'.
src/routes/_authenticated/documents/new.tsx(252,15): error TS2322: Type 'ReferenceBriefRow[]' is not assignable to type 'ReferenceBrief[]'.
  Type 'ReferenceBriefRow' is not assignable to type 'ReferenceBrief'.
    Types of property 'bin' are incompatible.
      Type 'string | null | undefined' is not assignable to type 'string | undefined'.
        Type 'null' is not assignable to type 'string | undefined'.
src/routes/_authenticated/documents/new.tsx(253,15): error TS2322: Type 'ReferenceBriefRow[]' is not assignable to type 'RegistrationJournalBrief[]'.
  Type 'ReferenceBriefRow' is not assignable to type 'RegistrationJournalBrief'.
    Types of property 'bin' are incompatible.
      Type 'string | null | undefined' is not assignable to type 'string | undefined'.
        Type 'null' is not assignable to type 'string | undefined'.
src/routes/_authenticated/documents/new.tsx(254,15): error TS2322: Type 'ReferenceBriefRow[]' is not assignable to type 'ReferenceBrief[]'.
  Type 'ReferenceBriefRow' is not assignable to type 'ReferenceBrief'.
    Types of property 'bin' are incompatible.
      Type 'string | null | undefined' is not assignable to type 'string | undefined'.
        Type 'null' is not assignable to type 'string | undefined'.
src/routes/_authenticated/hr/duty/index.tsx(425,41): error TS2352: Conversion of type '{ manager: { id: string; full_name_ru: string | null; full_name_kk: string | null; } | null; }' to type '{ id: string; full_name_ru: string; full_name_kk: string; }' may be a mistake because neither type sufficiently overlaps with the other. If this was intentional, convert the expression to 'unknown' first.
  Type '{ manager: { id: string; full_name_ru: string | null; full_name_kk: string | null; } | null; }' is missing the following properties from type '{ id: string; full_name_ru: string; full_name_kk: string; }': id, full_name_ru, full_name_kk
src/routes/_authenticated/hr/duty/index.tsx(459,45): error TS2352: Conversion of type '{ manager: { id: string; full_name_ru: string | null; full_name_kk: string | null; } | null; }' to type '{ id: string; }' may be a mistake because neither type sufficiently overlaps with the other. If this was intentional, convert the expression to 'unknown' first.
  Property 'id' is missing in type '{ manager: { id: string; full_name_ru: string | null; full_name_kk: string | null; } | null; }' but required in type '{ id: string; }'.
src/routes/_authenticated/hr/duty/index.tsx(462,43): error TS2352: Conversion of type '{ manager: { id: string; full_name_ru: string | null; full_name_kk: string | null; } | null; }' to type '{ id: string; full_name_ru: string; full_name_kk: string; }' may be a mistake because neither type sufficiently overlaps with the other. If this was intentional, convert the expression to 'unknown' first.
  Type '{ manager: { id: string; full_name_ru: string | null; full_name_kk: string | null; } | null; }' is missing the following properties from type '{ id: string; full_name_ru: string; full_name_kk: string; }': id, full_name_ru, full_name_kk
src/routes/_authenticated/hr/gantt/$id.tsx(192,37): error TS2352: Conversion of type '{ manager: { id: string; full_name_ru: string | null; full_name_kk: string | null; } | null; }' to type '{ id: string; full_name_ru: string; full_name_kk: string; }' may be a mistake because neither type sufficiently overlaps with the other. If this was intentional, convert the expression to 'unknown' first.
  Type '{ manager: { id: string; full_name_ru: string | null; full_name_kk: string | null; } | null; }' is missing the following properties from type '{ id: string; full_name_ru: string; full_name_kk: string; }': id, full_name_ru, full_name_kk
src/routes/_authenticated/projects/$id.tsx(231,19): error TS2345: Argument of type '(d: { id: string; reg_number: string; title_ru: string; title_kk: string; status: string; }) => JSX.Element' is not assignable to parameter of type '(value: { id: string; reg_number: string; title_ru: string; title_kk: string | null; status: "signed" | "rejected" | "draft" | "in_review" | "approved" | "archived" | "cancelled" | "submitted" | "returned_for_revision"; template_id: string | null; created_at: string; }, index: number, array: { ...; }[]) => Element'.
  Types of parameters 'd' and 'value' are incompatible.
    Type '{ id: string; reg_number: string; title_ru: string; title_kk: string | null; status: "signed" | "rejected" | "draft" | "in_review" | "approved" | "archived" | "cancelled" | "submitted" | "returned_for_revision"; template_id: string | null; created_at: string; }' is not assignable to type '{ id: string; reg_number: string; title_ru: string; title_kk: string; status: string; }'.
      Types of property 'title_kk' are incompatible.
        Type 'string | null' is not assignable to type 'string'.
          Type 'null' is not assignable to type 'string'.
